 KRNL32

 Timestamp is 5856ad6f (Sun Dec 18 09:38:23 2016)

 Preferred load address is c0000000

 Start         Length     Name                   Class
 0001:00000000 00004762H .text                   CODE
 0002:00000000 00000474H .rdata                  DATA
 0003:00000000 00000004H .CRT$XCA                DATA
 0003:00000004 00000004H .CRT$XCZ                DATA
 0003:00000008 00000174H .data                   DATA
 0003:00000180 000037c0H .bss                    DATA
 0004:00000000 00000058H .rsrc$01                DATA
 0004:00000060 000003c0H .rsrc$02                DATA

  Address         Publics by Value              Rva+Base       Lib:Object

 0000:00000000       ___safe_se_handler_count   00000000     <absolute>
 0000:00000000       ___safe_se_handler_table   00000000     <absolute>
 0001:00000000       ?kernel_entry@@YAXPAUmultiboot_info@@@Z c0000400 f   entry.obj
 0001:00000030       ?init@@YAXPAUmultiboot_info@@@Z c0000430 f   main.obj
 0001:00000280       ?sleep@@YAXH@Z             c0000680 f   main.obj
 0001:000002a0       ?outportw@@YAXGG@Z         c00006a0 f   main.obj
 0001:000002b0       ?VbeBochsWrite@@YAXGG@Z    c00006b0 f   main.obj
 0001:000002e0       ?VbeBochsSetMode@@YAXGGG@Z c00006e0 f   main.obj
 0001:00000330       ?VbeBochsMapLFB@@YAPAXXZ   c0000730 f   main.obj
 0001:00000390       ?fillScreen32@@YAXXZ       c0000790 f   main.obj
 0001:000003d0       ?kmain@@YAXPAUmultiboot_info@@@Z c00007d0 f   main.obj
 0001:00000500       ?rect32@@YAXHHHHH@Z        c0000900 f   main.obj
 0001:00000570       ?kthread_1@@YAXXZ          c0000970 f   main.obj
 0001:000005f0       ?kthread_2@@YAXXZ          c00009f0 f   main.obj
 0001:00000670       ?kthread_3@@YAXXZ          c0000a70 f   main.obj
 0001:000006e0       ?DebugUpdateCur@@YAXHH@Z   c0000ae0 f   DebugDisplay.obj
 0001:00000700       ?scroll@@YAXXZ             c0000b00 f   DebugDisplay.obj
 0001:000007a0       ?DebugPutc@@YAXE@Z         c0000ba0 f   DebugDisplay.obj
 0001:000008c0       ?itoa@@YAXIIPAD@Z          c0000cc0 f   DebugDisplay.obj
 0001:00000980       ?itoa_s@@YAXHIPAD@Z        c0000d80 f   DebugDisplay.obj
 0001:000009c0       ?DebugSetColor@@YAII@Z     c0000dc0 f   DebugDisplay.obj
 0001:000009e0       ?DebugGotoXY@@YAXII@Z      c0000de0 f   DebugDisplay.obj
 0001:00000a30       ?DebugGetXY@@YAXPAI0@Z     c0000e30 f   DebugDisplay.obj
 0001:00000a60       ?DebugGetHorz@@YAHXZ       c0000e60 f   DebugDisplay.obj
 0001:00000a70       ?DebugGetVert@@YAHXZ       c0000e70 f   DebugDisplay.obj
 0001:00000a80       ?DebugClrScr@@YAXE@Z       c0000e80 f   DebugDisplay.obj
 0001:00000ad0       ?DebugPuts@@YAXPAD@Z       c0000ed0 f   DebugDisplay.obj
 0001:00000b20       _DebugPrintf               c0000f20 f   DebugDisplay.obj
 0001:00000d60       ?divide_by_zero_fault@@YAXIIII@Z c0001160 f   exception.obj
 0001:00000d90       ?single_step_trap@@YAXIII@Z c0001190 f   exception.obj
 0001:00000db0       ?nmi_trap@@YAXIII@Z        c00011b0 f   exception.obj
 0001:00000dd0       ?breakpoint_trap@@YAXIII@Z c00011d0 f   exception.obj
 0001:00000df0       ?overflow_trap@@YAXIII@Z   c00011f0 f   exception.obj
 0001:00000e10       ?bounds_check_fault@@YAXIII@Z c0001210 f   exception.obj
 0001:00000e30       ?invalid_opcode_fault@@YAXIII@Z c0001230 f   exception.obj
 0001:00000e50       ?no_device_fault@@YAXIII@Z c0001250 f   exception.obj
 0001:00000e70       ?double_fault_abort@@YAXIIII@Z c0001270 f   exception.obj
 0001:00000e90       ?invalid_tss_fault@@YAXIIII@Z c0001290 f   exception.obj
 0001:00000eb0       ?no_segment_fault@@YAXIIII@Z c00012b0 f   exception.obj
 0001:00000ed0       ?stack_fault@@YAXIIII@Z    c00012d0 f   exception.obj
 0001:00000ef0       ?general_protection_fault@@YAXIIII@Z c00012f0 f   exception.obj
 0001:00000f10       ?page_fault@@YAXIIII@Z     c0001310 f   exception.obj
 0001:00000f60       ?fpu_fault@@YAXIII@Z       c0001360 f   exception.obj
 0001:00000f80       ?alignment_check_fault@@YAXIIII@Z c0001380 f   exception.obj
 0001:00000fa0       ?machine_check_abort@@YAXIII@Z c00013a0 f   exception.obj
 0001:00000fc0       ?simd_fpu_fault@@YAXIII@Z  c00013c0 f   exception.obj
 0001:00000fe0       ?volOpenFile@@YA?AU_FILE@@PBD@Z c00013e0 f   fsys.obj
 0001:000010a0       ?volReadFile@@YAXPAU_FILE@@PAEI@Z c00014a0 f   fsys.obj
 0001:000010e0       ?volCloseFile@@YAXPAU_FILE@@@Z c00014e0 f   fsys.obj
 0001:00001120       ?volRegisterFileSystem@@YAXPAU_FILE_SYSTEM@@I@Z c0001520 f   fsys.obj
 0001:00001150       ?volUnregisterFileSystem@@YAXPAU_FILE_SYSTEM@@@Z c0001550 f   fsys.obj
 0001:00001190       ?volUnregisterFileSystemByID@@YAXI@Z c0001590 f   fsys.obj
 0001:000011b0       ?mmap_first_free@@YAHXZ    c00015b0 f   mmngr_phys.obj
 0001:00001230       ?mmap_first_free_s@@YAHI@Z c0001630 f   mmngr_phys.obj
 0001:00001340       ?pmmngr_init@@YAXII@Z      c0001740 f   mmngr_phys.obj
 0001:00001390       ?pmmngr_init_region@@YAXII@Z c0001790 f   mmngr_phys.obj
 0001:00001400       ?pmmngr_deinit_region@@YAXII@Z c0001800 f   mmngr_phys.obj
 0001:00001470       ?pmmngr_alloc_block@@YAPAXXZ c0001870 f   mmngr_phys.obj
 0001:000014c0       ?pmmngr_free_block@@YAXPAX@Z c00018c0 f   mmngr_phys.obj
 0001:00001500       ?pmmngr_alloc_blocks@@YAPAXI@Z c0001900 f   mmngr_phys.obj
 0001:00001580       ?pmmngr_free_blocks@@YAXPAXI@Z c0001980 f   mmngr_phys.obj
 0001:000015e0       ?pmmngr_get_memory_size@@YAIXZ c00019e0 f   mmngr_phys.obj
 0001:000015f0       ?pmmngr_get_block_count@@YAIXZ c00019f0 f   mmngr_phys.obj
 0001:00001600       ?pmmngr_get_use_block_count@@YAIXZ c0001a00 f   mmngr_phys.obj
 0001:00001610       ?pmmngr_get_free_block_count@@YAIXZ c0001a10 f   mmngr_phys.obj
 0001:00001620       ?pmmngr_get_block_size@@YAIXZ c0001a20 f   mmngr_phys.obj
 0001:00001630       ?pmmngr_paging_enable@@YAX_N@Z c0001a30 f   mmngr_phys.obj
 0001:00001660       ?pmmngr_is_paging@@YA_NXZ  c0001a60 f   mmngr_phys.obj
 0001:00001680       ?pmmngr_load_PDBR@@YAXI@Z  c0001a80 f   mmngr_phys.obj
 0001:00001690       ?pmmngr_get_PDBR@@YAIXZ    c0001a90 f   mmngr_phys.obj
 0001:000016a0       ?mmap_test@@YA_NH@Z        c0001aa0 f i mmngr_phys.obj
 0001:000016e0       ?mmap_set@@YAXH@Z          c0001ae0 f i mmngr_phys.obj
 0001:00001730       ?mmap_unset@@YAXH@Z        c0001b30 f i mmngr_phys.obj
 0001:00001780       ?vmmngr_pdirectory_clear@@YAXPAUpdirectory@@@Z c0001b80 f i mmngr_virtual.obj
 0001:000017a0       ?vmmngr_switch_pdirectory@@YA_NPAUpdirectory@@@Z c0001ba0 f i mmngr_virtual.obj
 0001:000017d0       ?vmmngr_flush_tlb_entry@@YAXI@Z c0001bd0 f   mmngr_virtual.obj
 0001:000017e0       ?vmmngr_get_directory@@YAPAUpdirectory@@XZ c0001be0 f   mmngr_virtual.obj
 0001:000017f0       ?vmmngr_alloc_page@@YA_NPAI@Z c0001bf0 f   mmngr_virtual.obj
 0001:00001830       ?vmmngr_free_page@@YAXPAI@Z c0001c30 f   mmngr_virtual.obj
 0001:00001870       ?vmmngr_initialize@@YAXXZ  c0001c70 f   mmngr_virtual.obj
 0001:00001aa0       ?vmmngr_createPageTable@@YAHPAUpdirectory@@II@Z c0001ea0 f   mmngr_virtual.obj
 0001:00001b20       ?vmmngr_mapPhysicalAddress@@YAXPAUpdirectory@@III@Z c0001f20 f   mmngr_virtual.obj
 0001:00001b80       ?vmmngr_unmapPageTable@@YAXPAUpdirectory@@I@Z c0001f80 f   mmngr_virtual.obj
 0001:00001bd0       ?vmmngr_unmapPhysicalAddress@@YAXPAUpdirectory@@I@Z c0001fd0 f   mmngr_virtual.obj
 0001:00001c00       ?vmmngr_createAddressSpace@@YAPAUpdirectory@@XZ c0002000 f   mmngr_virtual.obj
 0001:00001c40       ?vmmngr_getPhysicalAddress@@YAPAXPAUpdirectory@@I@Z c0002040 f   mmngr_virtual.obj
 0001:00001c90       ?kernel_panic@@YAXPBDZZ    c0002090 f   panic.obj
 0001:00001d00       ?syscall_dispatcher@@YAXXZ c0002100 f   sysapi.obj
 0001:00001d50       ?syscall_init@@YAXXZ       c0002150 f   sysapi.obj
 0001:00001d70       ?add_process@@YAPAU_process@@U1@@Z c0002170 f   task.obj
 0001:00001de0       ?remove_process@@YAXU_process@@@Z c00021e0 f   task.obj
 0001:00001e30       ?init_process_list@@YAXXZ  c0002230 f   task.obj
 0001:00001e70       ?clear_queue@@YAXXZ        c0002270 f   task.obj
 0001:00001e90       ?queue_insert@@YA_NU_thread@@@Z c0002290 f   task.obj
 0001:00001ed0       ?queue_remove@@YA?AU_thread@@XZ c00022d0 f   task.obj
 0001:00001f20       ?queue_get@@YA?AU_thread@@XZ c0002320 f   task.obj
 0001:00001f50       ?schedule@@YAXXZ           c0002350 f   task.obj
 0001:00001f60       ?thread_set_state@@YAXPAU_thread@@I@Z c0002360 f   task.obj
 0001:00001f80       ?thread_remove_state@@YAXPAU_thread@@I@Z c0002380 f   task.obj
 0001:00001fa0       ?thread_sleep@@YAXI@Z      c00023a0 f   task.obj
 0001:00001fd0       ?thread_wake@@YAXXZ        c00023d0 f   task.obj
 0001:00002000       ?thread_execute@@YAXU_thread@@@Z c0002400 f   task.obj
 0001:00002020       ?create_kernel_stack@@YAPAXXZ c0002420 f   task.obj
 0001:00002090       ?thread_create@@YA?AU_thread@@P6AXXZI_N@Z c0002490 f   task.obj
 0001:00002190       ?execute_idle@@YAXXZ       c0002590 f   task.obj
 0001:000021c0       ?scheduler_initialize@@YAXXZ c00025c0 f   task.obj
 0001:00002270       ?dispatch@@YAXXZ           c0002670 f   task.obj
 0001:00002340       ?scheduler_tick@@YAXXZ     c0002740 f   task.obj
 0001:00002350       ?scheduler_isr@@YAXXZ      c0002750 f   task.obj
 0001:000023b0       ?idle_task@@YAXXZ          c00027b0 f   task.obj
 0001:000023d0       ?validate_image@@YA_NPAX@Z c00027d0 f   task.obj
 0001:00002470       ?load_image@@YA_NPADPAUpdirectory@@PAI22@Z c0002870 f   task.obj
 0001:000026a0       ?clone_kernel_space@@YAXPAUpdirectory@@@Z c0002aa0 f   task.obj
 0001:000026d0       ?create_address_space@@YAPAUpdirectory@@XZ c0002ad0 f   task.obj
 0001:00002700       ?create_user_stack@@YA_NPAUpdirectory@@@Z c0002b00 f   task.obj
 0001:00002710       ?create_process@@YA_NPAD@Z c0002b10 f   task.obj
 0001:000027d0       _TerminateProcess          c0002bd0 f   task.obj
 0001:000027e0       ?pd_entry_add_attrib@@YAXPAII@Z c0002be0 f i vmmngr_pde.obj
 0001:000027e0       ?pt_entry_add_attrib@@YAXPAII@Z c0002be0 f i vmmngr_pte.obj
 0001:00002800       ?pt_entry_set_frame@@YAXPAII@Z c0002c00 f i vmmngr_pte.obj
 0001:00002800       ?pd_entry_set_frame@@YAXPAII@Z c0002c00 f i vmmngr_pde.obj
 0001:00002820       ?pt_entry_del_attrib@@YAXPAII@Z c0002c20 f i vmmngr_pte.obj
 0001:00002840       ?pt_entry_pfn@@YAII@Z      c0002c40 f i vmmngr_pte.obj
 0001:00002850       ?kkybrd_set_leds@@YAX_N00@Z c0002c50 f   keyboard:kybrd.obj
 0001:000028b0       ?i86_kybrd_irq@@YAXXZ      c0002cb0 f   keyboard:kybrd.obj
 0001:00002aa0       ?kkybrd_install@@YAXH@Z    c0002ea0 f   keyboard:kybrd.obj
 0001:00002b20       ?dma_initialize_floppy@@YA_NPAEI@Z c0002f20 f   floppydisk:flpydsk.obj
 0001:00002bb0       ?flpydsk_read_status@@YAEXZ c0002fb0 f   floppydisk:flpydsk.obj
 0001:00002bc0       ?flpydsk_write_dor@@YAXE@Z c0002fc0 f   floppydisk:flpydsk.obj
 0001:00002be0       ?flpydsk_send_command@@YAXE@Z c0002fe0 f   floppydisk:flpydsk.obj
 0001:00002c20       ?flpydsk_read_data@@YAEXZ  c0003020 f   floppydisk:flpydsk.obj
 0001:00002c50       ?flpydsk_write_ccr@@YAXE@Z c0003050 f   floppydisk:flpydsk.obj
 0001:00002c70       ?i86_flpy_irq@@YAXXZ       c0003070 f   floppydisk:flpydsk.obj
 0001:00002c90       ?flpydsk_check_int@@YAXPAI0@Z c0003090 f   floppydisk:flpydsk.obj
 0001:00002d40       ?flpydsk_control_motor@@YAX_N@Z c0003140 f   floppydisk:flpydsk.obj
 0001:00002db0       ?flpydsk_drive_data@@YAXEEE_N@Z c00031b0 f   floppydisk:flpydsk.obj
 0001:00002e70       ?flpydsk_calibrate@@YAHE@Z c0003270 f   floppydisk:flpydsk.obj
 0001:00002fd0       ?flpydsk_disable_controller@@YAXXZ c00033d0 f   floppydisk:flpydsk.obj
 0001:00002fe0       ?flpydsk_enable_controller@@YAXXZ c00033e0 f   floppydisk:flpydsk.obj
 0001:00002ff0       ?flpydsk_reset@@YAXXZ      c00033f0 f   floppydisk:flpydsk.obj
 0001:00003070       ?flpydsk_read_sector_imp@@YAXEEE@Z c0003470 f   floppydisk:flpydsk.obj
 0001:00003300       ?flpydsk_seek@@YAHEE@Z     c0003700 f   floppydisk:flpydsk.obj
 0001:00003420       ?flpydsk_lba_to_chs@@YAXHPAH00@Z c0003820 f   floppydisk:flpydsk.obj
 0001:00003480       ?flpydsk_install@@YAXH@Z   c0003880 f   floppydisk:flpydsk.obj
 0001:000034b0       ?flpydsk_set_working_drive@@YAXE@Z c00038b0 f   floppydisk:flpydsk.obj
 0001:000034c0       ?flpydsk_get_working_drive@@YAEXZ c00038c0 f   floppydisk:flpydsk.obj
 0001:000034d0       ?flpydsk_read_sector@@YAPAEH@Z c00038d0 f   floppydisk:flpydsk.obj
 0001:000035d0       ?ToDosFileName@@YAXPBDPADI@Z c00039d0 f   fat12:fat12.obj
 0001:000036f0       ?fsysFatDirectory@@YA?AU_FILE@@PBD@Z c0003af0 f   fat12:fat12.obj
 0001:000037b0       ?fsysFatRead@@YAXPAU_FILE@@PAEI@Z c0003bb0 f   fat12:fat12.obj
 0001:00003870       ?fsysFatClose@@YAXPAU_FILE@@@Z c0003c70 f   fat12:fat12.obj
 0001:00003890       ?fsysFatOpenSubDir@@YA?AU_FILE@@U1@PBD@Z c0003c90 f   fat12:fat12.obj
 0001:00003960       ?fsysFatOpen@@YA?AU_FILE@@PBD@Z c0003d60 f   fat12:fat12.obj
 0001:00003b00       ?fsysFatMount@@YAXXZ       c0003f00 f   fat12:fat12.obj
 0001:00003b70       ?fsysFatInitialize@@YAXXZ  c0003f70 f   fat12:fat12.obj
 0001:00003bd0       ?flush_tss@@YAXG@Z         c0003fd0 f   Hal:tss.obj
 0001:00003be0       ?tss_set_stack@@YAXGG@Z    c0003fe0 f   Hal:tss.obj
 0001:00003c00       ?install_tss@@YAXIGG@Z     c0004000 f   Hal:tss.obj
 0001:00003c80       ?hal_shutdown@@YAHXZ       c0004080 f   Hal:Hal.obj
 0001:00003c90       ?geninterrupt@@YAXH@Z      c0004090 f   Hal:Hal.obj
 0001:00003cb0       ?inportb@@YAEG@Z           c00040b0 f   Hal:Hal.obj
 0001:00003cc0       ?outportb@@YAXGE@Z         c00040c0 f   Hal:Hal.obj
 0001:00003cd0       ?enable@@YAXXZ             c00040d0 f   Hal:Hal.obj
 0001:00003ce0       ?disable@@YAXXZ            c00040e0 f   Hal:Hal.obj
 0001:00003cf0       ?setvect@@YAXHA6AXXZH@Z    c00040f0 f   Hal:Hal.obj
 0001:00003d10       ?getvect@@YAP6AXXZH@Z      c0004110 f   Hal:Hal.obj
 0001:00003d40       ?get_cpu_vender@@YAPBDXZ   c0004140 f   Hal:Hal.obj
 0001:00003d50       ?get_tick_count@@YAHXZ     c0004150 f   Hal:Hal.obj
 0001:00003d60       ?hal_initialize@@YAHXZ     c0004160 f   Hal:Hal.obj
 0001:00003d90       ?sound@@YAXI@Z             c0004190 f   Hal:Hal.obj
 0001:00003db0       ?interruptdone@@YAXI@Z     c00041b0 f i Hal:Hal.obj
 0001:00003de0       ?dma_mask_channel@@YAXE@Z  c00041e0 f   Hal:dma.obj
 0001:00003e20       ?dma_unmask_channel@@YAXE@Z c0004220 f   Hal:dma.obj
 0001:00003e50       ?dma_unmask_all@@YAXH@Z    c0004250 f   Hal:dma.obj
 0001:00003e70       ?dma_reset@@YAXH@Z         c0004270 f   Hal:dma.obj
 0001:00003e80       ?dma_reset_flipflop@@YAXH@Z c0004280 f   Hal:dma.obj
 0001:00003eb0       ?dma_set_address@@YAXEEE@Z c00042b0 f   Hal:dma.obj
 0001:00003f40       ?dma_set_count@@YAXEEE@Z   c0004340 f   Hal:dma.obj
 0001:00003fd0       ?dma_set_mode@@YAXEE@Z     c00043d0 f   Hal:dma.obj
 0001:00004050       ?dma_set_read@@YAXE@Z      c0004450 f   Hal:dma.obj
 0001:00004060       ?dma_set_write@@YAXE@Z     c0004460 f   Hal:dma.obj
 0001:00004070       ?dma_set_external_page_register@@YAXEE@Z c0004470 f   Hal:dma.obj
 0001:00004110       ?gdt_set_descriptor@@YAXI_K0EE@Z c0004510 f   Hal:gdt.obj
 0001:000041a0       ?i86_gdt_get_descriptor@@YAPAUgdt_descriptor@@H@Z c00045a0 f   Hal:gdt.obj
 0001:000041c0       ?i86_gdt_initialize@@YAHXZ c00045c0 f   Hal:gdt.obj
 0001:00004290       ?i86_cpu_initialize@@YAHXZ c0004690 f   Hal:cpu.obj
 0001:000042b0       ?i86_cpu_shutdown@@YAXXZ   c00046b0 f   Hal:cpu.obj
 0001:000042c0       ?i86_cpu_get_vender@@YAPADXZ c00046c0 f   Hal:cpu.obj
 0001:000042f0       ?i86_cpu_flush_caches@@YAXXZ c00046f0 f   Hal:cpu.obj
 0001:00004300       ?i86_cpu_flush_caches_write@@YAXXZ c0004700 f   Hal:cpu.obj
 0001:00004310       ?i86_cpu_flush_tlb_entry@@YAXI@Z c0004710 f   Hal:cpu.obj
 0001:00004320       ?i86_pic_send_command@@YAXEE@Z c0004720 f i Hal:pic.obj
 0001:00004350       ?i86_pic_initialize@@YAXEE@Z c0004750 f   Hal:pic.obj
 0001:000043f0       ?i86_get_ir@@YAPAUidt_descriptor@@I@Z c00047f0 f   Hal:idt.obj
 0001:00004410       ?i86_install_ir@@YAHIGGP6AXXZ@Z c0004810 f   Hal:idt.obj
 0001:00004460       ?i86_idt_initialize@@YAHG@Z c0004860 f   Hal:idt.obj
 0001:000044f0       ?i86_pit_irq@@YAXXZ        c00048f0 f   Hal:pit.obj
 0001:00004500       ?i86_pit_set_tick_count@@YAII@Z c0004900 f   Hal:pit.obj
 0001:00004510       ?i86_pit_get_tick_count@@YAIXZ c0004910 f   Hal:pit.obj
 0001:00004520       ?i86_pit_send_command@@YAXE@Z c0004920 f   Hal:pit.obj
 0001:00004530       ?i86_pit_send_data@@YAXGE@Z c0004930 f   Hal:pit.obj
 0001:00004570       ?i86_pit_read_data@@YAEG@Z c0004970 f   Hal:pit.obj
 0001:000045b0       ?i86_pit_start_counter@@YAXIEE@Z c00049b0 f   Hal:pit.obj
 0001:00004610       ?i86_pit_initialize@@YAXXZ c0004a10 f   Hal:pit.obj
 0001:00004630       ?i86_pit_is_initialized@@YA_NXZ c0004a30 f   Hal:pit.obj
 0001:00004640       ?InitializeConstructors@@YAXXZ c0004a40 f   Lib:cstd.obj
 0001:00004680       ?strcmp@@YAHPBD0@Z         c0004a80 f   Lib:string.obj
 0001:000046c0       ?strcpy@@YAPADPADPBD@Z     c0004ac0 f   Lib:string.obj
 0001:000046e0       ?strlen@@YAIPBD@Z          c0004ae0 f   Lib:string.obj
 0001:000046f0       ?memcpy@@YAPAXPAXPBXI@Z    c0004af0 f   Lib:string.obj
 0001:00004720       ?memset@@YAPAXPAXDI@Z      c0004b20 f   Lib:string.obj
 0001:00004740       ?strchr@@YAPADPADH@Z       c0004b40 f   Lib:string.obj
 0002:00000454       ??_C@_05HOBJIFPH@FAT12?$AA@ c0005054     fat12:fat12.obj
 0003:00000000       ?__xc_a@@3PAP6AXXZA        c0005200     Lib:cstd.obj
 0003:00000004       ?__xc_z@@3PAP6AXXZA        c0005204     Lib:cstd.obj
 0003:0000000c       ?bchars@@3PADA             c000520c     DebugDisplay.obj
 0003:00000178       __fltused                  c0005378     Lib:cstd.obj
 0003:000001e0       ?_kernel_stack@@3PADA      c00053e0     main.obj
 0003:00002180       ?kernelSize@@3IA           c0007380     main.obj
 0003:00002184       ?tbuf@@3PADA               c0007384     DebugDisplay.obj
 0003:000021a8       ?_FileSystems@@3PAPAU_FILE_SYSTEM@@A c00073a8     fsys.obj
 0003:00002224       ?_cur_directory@@3PAUpdirectory@@A c0007424     mmngr_virtual.obj
 0003:00002228       ?_cur_pdbr@@3IA            c0007428     mmngr_virtual.obj
 0003:00002238       ?_readyQueue@@3PAU_thread@@A c0007438     task.obj
 0003:000023a0       ?_idleThread@@3U_thread@@A c00075a0     task.obj
 0003:000023c4       ?_queue_first@@3HA         c00075c4     task.obj
 0003:000023c8       ?_processList@@3PAU_process@@A c00075c8     task.obj
 0003:00002be8       ?_currentThreadLocal@@3U_thread@@A c0007de8     task.obj
 0003:00002c0c       ?_queue_last@@3HA          c0007e0c     task.obj
 0003:00002c10       ?_currentTask@@3PAU_thread@@A c0007e10     task.obj
 0003:00002c14       ?old_isr@@3P6AXXZA         c0007e14     task.obj
 0003:00002c18       ?_kernel_stack_index@@3HA  c0007e18     task.obj
 0003:00002c30       ?_MountInfo@@3U_MOUNT_INFO@@A c0007e30     fat12:fat12.obj
 0003:00002c4c       ?_FSysFat@@3U_FILE_SYSTEM@@A c0007e4c     fat12:fat12.obj
 0003:00002c68       ?FAT@@3PAEA                c0007e68     fat12:fat12.obj

 entry point at        0000:00000000

 Static symbols

 0001:00004100       ?gdt_install@@YAXXZ        c0004500 f   Hal:gdt.obj
 0001:000043c0       ?idt_install@@YAXXZ        c00047c0 f   Hal:idt.obj
 0001:000043d0       ?i86_default_handler@@YAXXZ c00047d0 f   Hal:idt.obj
