 KRNL32

 Timestamp is 5857a83d (Mon Dec 19 03:28:29 2016)

 Preferred load address is c0000000

 Start         Length     Name                   Class
 0001:00000000 00004912H .text                   CODE
 0002:00000000 00000474H .rdata                  DATA
 0003:00000000 00000004H .CRT$XCA                DATA
 0003:00000004 00000004H .CRT$XCZ                DATA
 0003:00000008 0000017cH .data                   DATA
 0003:00000190 000037c0H .bss                    DATA
 0004:00000000 00000058H .rsrc$01                DATA
 0004:00000060 000003c0H .rsrc$02                DATA

  Address         Publics by Value              Rva+Base       Lib:Object

 0000:00000000       ___safe_se_handler_count   00000000     <absolute>
 0000:00000000       ___safe_se_handler_table   00000000     <absolute>
 0001:00000000       ?kernel_entry@@YAXPAUmultiboot_info@@@Z c0000400 f   entry.obj
 0001:00000030       ?init@@YAXPAUmultiboot_info@@@Z c0000430 f   main.obj
 0001:00000280       ?sleep@@YAXH@Z             c0000680 f   main.obj
 0001:000002a0       ?outportw@@YAXGG@Z         c00006a0 f   main.obj
 0001:000002b0       ?VbeBochsWrite@@YAXGG@Z    c00006b0 f   main.obj
 0001:000002e0       ?VbeBochsSetMode@@YAXGGG@Z c00006e0 f   main.obj
 0001:00000330       ?VbeBochsMapLFB@@YAPAXXZ   c0000730 f   main.obj
 0001:00000390       ?fillScreen32@@YAXXZ       c0000790 f   main.obj
 0001:000003d0       ?kmain@@YAXPAUmultiboot_info@@@Z c00007d0 f   main.obj
 0001:00000540       ?rect32@@YAXHHHHH@Z        c0000940 f   main.obj
 0001:000005b0       ?kthread_1@@YAXXZ          c00009b0 f   main.obj
 0001:00000650       ?kthread_2@@YAXXZ          c0000a50 f   main.obj
 0001:000006f0       ?kthread_3@@YAXXZ          c0000af0 f   main.obj
 0001:00000780       ?DebugUpdateCur@@YAXHH@Z   c0000b80 f   DebugDisplay.obj
 0001:000007a0       ?scroll@@YAXXZ             c0000ba0 f   DebugDisplay.obj
 0001:00000840       ?DebugPutc@@YAXE@Z         c0000c40 f   DebugDisplay.obj
 0001:00000960       ?itoa@@YAXIIPAD@Z          c0000d60 f   DebugDisplay.obj
 0001:00000a20       ?itoa_s@@YAXHIPAD@Z        c0000e20 f   DebugDisplay.obj
 0001:00000a60       ?DebugSetColor@@YAII@Z     c0000e60 f   DebugDisplay.obj
 0001:00000a80       ?DebugGotoXY@@YAXII@Z      c0000e80 f   DebugDisplay.obj
 0001:00000ad0       ?DebugGetXY@@YAXPAI0@Z     c0000ed0 f   DebugDisplay.obj
 0001:00000b00       ?DebugGetHorz@@YAHXZ       c0000f00 f   DebugDisplay.obj
 0001:00000b10       ?DebugGetVert@@YAHXZ       c0000f10 f   DebugDisplay.obj
 0001:00000b20       ?DebugClrScr@@YAXE@Z       c0000f20 f   DebugDisplay.obj
 0001:00000b70       ?DebugPuts@@YAXPAD@Z       c0000f70 f   DebugDisplay.obj
 0001:00000bc0       _DebugPrintf               c0000fc0 f   DebugDisplay.obj
 0001:00000e00       ?divide_by_zero_fault@@YAXIIII@Z c0001200 f   exception.obj
 0001:00000e30       ?single_step_trap@@YAXIII@Z c0001230 f   exception.obj
 0001:00000e50       ?nmi_trap@@YAXIII@Z        c0001250 f   exception.obj
 0001:00000e70       ?breakpoint_trap@@YAXIII@Z c0001270 f   exception.obj
 0001:00000e90       ?overflow_trap@@YAXIII@Z   c0001290 f   exception.obj
 0001:00000eb0       ?bounds_check_fault@@YAXIII@Z c00012b0 f   exception.obj
 0001:00000ed0       ?invalid_opcode_fault@@YAXIII@Z c00012d0 f   exception.obj
 0001:00000ef0       ?no_device_fault@@YAXIII@Z c00012f0 f   exception.obj
 0001:00000f10       ?double_fault_abort@@YAXIIII@Z c0001310 f   exception.obj
 0001:00000f30       ?invalid_tss_fault@@YAXIIII@Z c0001330 f   exception.obj
 0001:00000f50       ?no_segment_fault@@YAXIIII@Z c0001350 f   exception.obj
 0001:00000f70       ?stack_fault@@YAXIIII@Z    c0001370 f   exception.obj
 0001:00000f90       ?general_protection_fault@@YAXIIII@Z c0001390 f   exception.obj
 0001:00000fb0       ?page_fault@@YAXIIII@Z     c00013b0 f   exception.obj
 0001:00001000       ?fpu_fault@@YAXIII@Z       c0001400 f   exception.obj
 0001:00001020       ?alignment_check_fault@@YAXIIII@Z c0001420 f   exception.obj
 0001:00001040       ?machine_check_abort@@YAXIII@Z c0001440 f   exception.obj
 0001:00001060       ?simd_fpu_fault@@YAXIII@Z  c0001460 f   exception.obj
 0001:00001080       ?volOpenFile@@YA?AU_FILE@@PBD@Z c0001480 f   fsys.obj
 0001:00001140       ?volReadFile@@YAXPAU_FILE@@PAEI@Z c0001540 f   fsys.obj
 0001:00001180       ?volCloseFile@@YAXPAU_FILE@@@Z c0001580 f   fsys.obj
 0001:000011c0       ?volRegisterFileSystem@@YAXPAU_FILE_SYSTEM@@I@Z c00015c0 f   fsys.obj
 0001:000011f0       ?volUnregisterFileSystem@@YAXPAU_FILE_SYSTEM@@@Z c00015f0 f   fsys.obj
 0001:00001230       ?volUnregisterFileSystemByID@@YAXI@Z c0001630 f   fsys.obj
 0001:00001250       ?mmap_first_free@@YAHXZ    c0001650 f   mmngr_phys.obj
 0001:000012d0       ?mmap_first_free_s@@YAHI@Z c00016d0 f   mmngr_phys.obj
 0001:000013e0       ?pmmngr_init@@YAXII@Z      c00017e0 f   mmngr_phys.obj
 0001:00001430       ?pmmngr_init_region@@YAXII@Z c0001830 f   mmngr_phys.obj
 0001:000014a0       ?pmmngr_deinit_region@@YAXII@Z c00018a0 f   mmngr_phys.obj
 0001:00001510       ?pmmngr_alloc_block@@YAPAXXZ c0001910 f   mmngr_phys.obj
 0001:00001560       ?pmmngr_free_block@@YAXPAX@Z c0001960 f   mmngr_phys.obj
 0001:000015a0       ?pmmngr_alloc_blocks@@YAPAXI@Z c00019a0 f   mmngr_phys.obj
 0001:00001620       ?pmmngr_free_blocks@@YAXPAXI@Z c0001a20 f   mmngr_phys.obj
 0001:00001680       ?pmmngr_get_memory_size@@YAIXZ c0001a80 f   mmngr_phys.obj
 0001:00001690       ?pmmngr_get_block_count@@YAIXZ c0001a90 f   mmngr_phys.obj
 0001:000016a0       ?pmmngr_get_use_block_count@@YAIXZ c0001aa0 f   mmngr_phys.obj
 0001:000016b0       ?pmmngr_get_free_block_count@@YAIXZ c0001ab0 f   mmngr_phys.obj
 0001:000016c0       ?pmmngr_get_block_size@@YAIXZ c0001ac0 f   mmngr_phys.obj
 0001:000016d0       ?pmmngr_paging_enable@@YAX_N@Z c0001ad0 f   mmngr_phys.obj
 0001:00001700       ?pmmngr_is_paging@@YA_NXZ  c0001b00 f   mmngr_phys.obj
 0001:00001720       ?pmmngr_load_PDBR@@YAXI@Z  c0001b20 f   mmngr_phys.obj
 0001:00001730       ?pmmngr_get_PDBR@@YAIXZ    c0001b30 f   mmngr_phys.obj
 0001:00001740       ?mmap_test@@YA_NH@Z        c0001b40 f i mmngr_phys.obj
 0001:00001780       ?mmap_set@@YAXH@Z          c0001b80 f i mmngr_phys.obj
 0001:000017d0       ?mmap_unset@@YAXH@Z        c0001bd0 f i mmngr_phys.obj
 0001:00001820       ?vmmngr_pdirectory_clear@@YAXPAUpdirectory@@@Z c0001c20 f i mmngr_virtual.obj
 0001:00001840       ?vmmngr_switch_pdirectory@@YA_NPAUpdirectory@@@Z c0001c40 f i mmngr_virtual.obj
 0001:00001870       ?vmmngr_flush_tlb_entry@@YAXI@Z c0001c70 f   mmngr_virtual.obj
 0001:00001880       ?vmmngr_get_directory@@YAPAUpdirectory@@XZ c0001c80 f   mmngr_virtual.obj
 0001:00001890       ?vmmngr_alloc_page@@YA_NPAI@Z c0001c90 f   mmngr_virtual.obj
 0001:000018d0       ?vmmngr_free_page@@YAXPAI@Z c0001cd0 f   mmngr_virtual.obj
 0001:00001910       ?vmmngr_initialize@@YAXXZ  c0001d10 f   mmngr_virtual.obj
 0001:00001b40       ?vmmngr_createPageTable@@YAHPAUpdirectory@@II@Z c0001f40 f   mmngr_virtual.obj
 0001:00001bc0       ?vmmngr_mapPhysicalAddress@@YAXPAUpdirectory@@III@Z c0001fc0 f   mmngr_virtual.obj
 0001:00001c20       ?vmmngr_unmapPageTable@@YAXPAUpdirectory@@I@Z c0002020 f   mmngr_virtual.obj
 0001:00001c70       ?vmmngr_unmapPhysicalAddress@@YAXPAUpdirectory@@I@Z c0002070 f   mmngr_virtual.obj
 0001:00001ca0       ?vmmngr_createAddressSpace@@YAPAUpdirectory@@XZ c00020a0 f   mmngr_virtual.obj
 0001:00001ce0       ?vmmngr_getPhysicalAddress@@YAPAXPAUpdirectory@@I@Z c00020e0 f   mmngr_virtual.obj
 0001:00001d30       ?kernel_panic@@YAXPBDZZ    c0002130 f   panic.obj
 0001:00001da0       ?syscall_dispatcher@@YAXXZ c00021a0 f   sysapi.obj
 0001:00001df0       ?syscall_init@@YAXXZ       c00021f0 f   sysapi.obj
 0001:00001e10       ?kill_thread@@YAXXZ        c0002210 f   task.obj
 0001:00001e20       ?add_process@@YAPAU_process@@U1@@Z c0002220 f   task.obj
 0001:00001e90       ?remove_process@@YAXU_process@@@Z c0002290 f   task.obj
 0001:00001ee0       ?init_process_list@@YAXXZ  c00022e0 f   task.obj
 0001:00001f20       ?clear_queue@@YAXXZ        c0002320 f   task.obj
 0001:00001f40       ?queue_insert@@YA_NU_thread@@@Z c0002340 f   task.obj
 0001:00001f80       ?queue_remove@@YA?AU_thread@@XZ c0002380 f   task.obj
 0001:00001fd0       ?queue_get@@YA?AU_thread@@XZ c00023d0 f   task.obj
 0001:00002000       ?prioritySort@@YAXXZ       c0002400 f   task.obj
 0001:000020c0       ?schedule@@YAXXZ           c00024c0 f   task.obj
 0001:000020d0       ?thread_set_state@@YAXPAU_thread@@I@Z c00024d0 f   task.obj
 0001:000020f0       ?thread_remove_state@@YAXPAU_thread@@I@Z c00024f0 f   task.obj
 0001:00002110       ?thread_sleep@@YAXI@Z      c0002510 f   task.obj
 0001:00002140       ?thread_wake@@YAXXZ        c0002540 f   task.obj
 0001:00002170       ?thread_execute@@YAXU_thread@@@Z c0002570 f   task.obj
 0001:00002190       ?create_kernel_stack@@YAPAXXZ c0002590 f   task.obj
 0001:00002200       ?thread_create@@YA?AU_thread@@P6AXXZI_N@Z c0002600 f   task.obj
 0001:00002300       ?execute_idle@@YAXXZ       c0002700 f   task.obj
 0001:00002330       ?scheduler_initialize@@YAXXZ c0002730 f   task.obj
 0001:000023e0       ?FIFO@@YAXXZ               c00027e0 f   task.obj
 0001:00002450       ?ROUND_ROBIN@@YAXXZ        c0002850 f   task.obj
 0001:000024c0       ?FIFO_PRIORITY@@YAXXZ      c00028c0 f   task.obj
 0001:000024d0       ?ROUND_ROBIN_PRIORITY@@YAXXZ c00028d0 f   task.obj
 0001:000024e0       ?dispatch@@YAXXZ           c00028e0 f   task.obj
 0001:000024f0       ?scheduler_tick@@YAXXZ     c00028f0 f   task.obj
 0001:00002500       ?scheduler_isr@@YAXXZ      c0002900 f   task.obj
 0001:00002560       ?idle_task@@YAXXZ          c0002960 f   task.obj
 0001:00002580       ?validate_image@@YA_NPAX@Z c0002980 f   task.obj
 0001:00002620       ?load_image@@YA_NPADPAUpdirectory@@PAI22@Z c0002a20 f   task.obj
 0001:00002850       ?clone_kernel_space@@YAXPAUpdirectory@@@Z c0002c50 f   task.obj
 0001:00002880       ?create_address_space@@YAPAUpdirectory@@XZ c0002c80 f   task.obj
 0001:000028b0       ?create_user_stack@@YA_NPAUpdirectory@@@Z c0002cb0 f   task.obj
 0001:000028c0       ?create_process@@YA_NPAD@Z c0002cc0 f   task.obj
 0001:00002980       _TerminateProcess          c0002d80 f   task.obj
 0001:00002990       ?pt_entry_add_attrib@@YAXPAII@Z c0002d90 f i vmmngr_pte.obj
 0001:00002990       ?pd_entry_add_attrib@@YAXPAII@Z c0002d90 f i vmmngr_pde.obj
 0001:000029b0       ?pd_entry_set_frame@@YAXPAII@Z c0002db0 f i vmmngr_pde.obj
 0001:000029b0       ?pt_entry_set_frame@@YAXPAII@Z c0002db0 f i vmmngr_pte.obj
 0001:000029d0       ?pt_entry_del_attrib@@YAXPAII@Z c0002dd0 f i vmmngr_pte.obj
 0001:000029f0       ?pt_entry_pfn@@YAII@Z      c0002df0 f i vmmngr_pte.obj
 0001:00002a00       ?kkybrd_set_leds@@YAX_N00@Z c0002e00 f   keyboard:kybrd.obj
 0001:00002a60       ?i86_kybrd_irq@@YAXXZ      c0002e60 f   keyboard:kybrd.obj
 0001:00002c50       ?kkybrd_install@@YAXH@Z    c0003050 f   keyboard:kybrd.obj
 0001:00002cd0       ?dma_initialize_floppy@@YA_NPAEI@Z c00030d0 f   floppydisk:flpydsk.obj
 0001:00002d60       ?flpydsk_read_status@@YAEXZ c0003160 f   floppydisk:flpydsk.obj
 0001:00002d70       ?flpydsk_write_dor@@YAXE@Z c0003170 f   floppydisk:flpydsk.obj
 0001:00002d90       ?flpydsk_send_command@@YAXE@Z c0003190 f   floppydisk:flpydsk.obj
 0001:00002dd0       ?flpydsk_read_data@@YAEXZ  c00031d0 f   floppydisk:flpydsk.obj
 0001:00002e00       ?flpydsk_write_ccr@@YAXE@Z c0003200 f   floppydisk:flpydsk.obj
 0001:00002e20       ?i86_flpy_irq@@YAXXZ       c0003220 f   floppydisk:flpydsk.obj
 0001:00002e40       ?flpydsk_check_int@@YAXPAI0@Z c0003240 f   floppydisk:flpydsk.obj
 0001:00002ef0       ?flpydsk_control_motor@@YAX_N@Z c00032f0 f   floppydisk:flpydsk.obj
 0001:00002f60       ?flpydsk_drive_data@@YAXEEE_N@Z c0003360 f   floppydisk:flpydsk.obj
 0001:00003020       ?flpydsk_calibrate@@YAHE@Z c0003420 f   floppydisk:flpydsk.obj
 0001:00003180       ?flpydsk_disable_controller@@YAXXZ c0003580 f   floppydisk:flpydsk.obj
 0001:00003190       ?flpydsk_enable_controller@@YAXXZ c0003590 f   floppydisk:flpydsk.obj
 0001:000031a0       ?flpydsk_reset@@YAXXZ      c00035a0 f   floppydisk:flpydsk.obj
 0001:00003220       ?flpydsk_read_sector_imp@@YAXEEE@Z c0003620 f   floppydisk:flpydsk.obj
 0001:000034b0       ?flpydsk_seek@@YAHEE@Z     c00038b0 f   floppydisk:flpydsk.obj
 0001:000035d0       ?flpydsk_lba_to_chs@@YAXHPAH00@Z c00039d0 f   floppydisk:flpydsk.obj
 0001:00003630       ?flpydsk_install@@YAXH@Z   c0003a30 f   floppydisk:flpydsk.obj
 0001:00003660       ?flpydsk_set_working_drive@@YAXE@Z c0003a60 f   floppydisk:flpydsk.obj
 0001:00003670       ?flpydsk_get_working_drive@@YAEXZ c0003a70 f   floppydisk:flpydsk.obj
 0001:00003680       ?flpydsk_read_sector@@YAPAEH@Z c0003a80 f   floppydisk:flpydsk.obj
 0001:00003780       ?ToDosFileName@@YAXPBDPADI@Z c0003b80 f   fat12:fat12.obj
 0001:000038a0       ?fsysFatDirectory@@YA?AU_FILE@@PBD@Z c0003ca0 f   fat12:fat12.obj
 0001:00003960       ?fsysFatRead@@YAXPAU_FILE@@PAEI@Z c0003d60 f   fat12:fat12.obj
 0001:00003a20       ?fsysFatClose@@YAXPAU_FILE@@@Z c0003e20 f   fat12:fat12.obj
 0001:00003a40       ?fsysFatOpenSubDir@@YA?AU_FILE@@U1@PBD@Z c0003e40 f   fat12:fat12.obj
 0001:00003b10       ?fsysFatOpen@@YA?AU_FILE@@PBD@Z c0003f10 f   fat12:fat12.obj
 0001:00003cb0       ?fsysFatMount@@YAXXZ       c00040b0 f   fat12:fat12.obj
 0001:00003d20       ?fsysFatInitialize@@YAXXZ  c0004120 f   fat12:fat12.obj
 0001:00003d80       ?flush_tss@@YAXG@Z         c0004180 f   Hal:tss.obj
 0001:00003d90       ?tss_set_stack@@YAXGG@Z    c0004190 f   Hal:tss.obj
 0001:00003db0       ?install_tss@@YAXIGG@Z     c00041b0 f   Hal:tss.obj
 0001:00003e30       ?hal_shutdown@@YAHXZ       c0004230 f   Hal:Hal.obj
 0001:00003e40       ?geninterrupt@@YAXH@Z      c0004240 f   Hal:Hal.obj
 0001:00003e60       ?inportb@@YAEG@Z           c0004260 f   Hal:Hal.obj
 0001:00003e70       ?outportb@@YAXGE@Z         c0004270 f   Hal:Hal.obj
 0001:00003e80       ?enable@@YAXXZ             c0004280 f   Hal:Hal.obj
 0001:00003e90       ?disable@@YAXXZ            c0004290 f   Hal:Hal.obj
 0001:00003ea0       ?setvect@@YAXHA6AXXZH@Z    c00042a0 f   Hal:Hal.obj
 0001:00003ec0       ?getvect@@YAP6AXXZH@Z      c00042c0 f   Hal:Hal.obj
 0001:00003ef0       ?get_cpu_vender@@YAPBDXZ   c00042f0 f   Hal:Hal.obj
 0001:00003f00       ?get_tick_count@@YAHXZ     c0004300 f   Hal:Hal.obj
 0001:00003f10       ?hal_initialize@@YAHXZ     c0004310 f   Hal:Hal.obj
 0001:00003f40       ?sound@@YAXI@Z             c0004340 f   Hal:Hal.obj
 0001:00003f60       ?interruptdone@@YAXI@Z     c0004360 f i Hal:Hal.obj
 0001:00003f90       ?dma_mask_channel@@YAXE@Z  c0004390 f   Hal:dma.obj
 0001:00003fd0       ?dma_unmask_channel@@YAXE@Z c00043d0 f   Hal:dma.obj
 0001:00004000       ?dma_unmask_all@@YAXH@Z    c0004400 f   Hal:dma.obj
 0001:00004020       ?dma_reset@@YAXH@Z         c0004420 f   Hal:dma.obj
 0001:00004030       ?dma_reset_flipflop@@YAXH@Z c0004430 f   Hal:dma.obj
 0001:00004060       ?dma_set_address@@YAXEEE@Z c0004460 f   Hal:dma.obj
 0001:000040f0       ?dma_set_count@@YAXEEE@Z   c00044f0 f   Hal:dma.obj
 0001:00004180       ?dma_set_mode@@YAXEE@Z     c0004580 f   Hal:dma.obj
 0001:00004200       ?dma_set_read@@YAXE@Z      c0004600 f   Hal:dma.obj
 0001:00004210       ?dma_set_write@@YAXE@Z     c0004610 f   Hal:dma.obj
 0001:00004220       ?dma_set_external_page_register@@YAXEE@Z c0004620 f   Hal:dma.obj
 0001:000042c0       ?gdt_set_descriptor@@YAXI_K0EE@Z c00046c0 f   Hal:gdt.obj
 0001:00004350       ?i86_gdt_get_descriptor@@YAPAUgdt_descriptor@@H@Z c0004750 f   Hal:gdt.obj
 0001:00004370       ?i86_gdt_initialize@@YAHXZ c0004770 f   Hal:gdt.obj
 0001:00004440       ?i86_cpu_initialize@@YAHXZ c0004840 f   Hal:cpu.obj
 0001:00004460       ?i86_cpu_shutdown@@YAXXZ   c0004860 f   Hal:cpu.obj
 0001:00004470       ?i86_cpu_get_vender@@YAPADXZ c0004870 f   Hal:cpu.obj
 0001:000044a0       ?i86_cpu_flush_caches@@YAXXZ c00048a0 f   Hal:cpu.obj
 0001:000044b0       ?i86_cpu_flush_caches_write@@YAXXZ c00048b0 f   Hal:cpu.obj
 0001:000044c0       ?i86_cpu_flush_tlb_entry@@YAXI@Z c00048c0 f   Hal:cpu.obj
 0001:000044d0       ?i86_pic_send_command@@YAXEE@Z c00048d0 f i Hal:pic.obj
 0001:00004500       ?i86_pic_initialize@@YAXEE@Z c0004900 f   Hal:pic.obj
 0001:000045a0       ?i86_get_ir@@YAPAUidt_descriptor@@I@Z c00049a0 f   Hal:idt.obj
 0001:000045c0       ?i86_install_ir@@YAHIGGP6AXXZ@Z c00049c0 f   Hal:idt.obj
 0001:00004610       ?i86_idt_initialize@@YAHG@Z c0004a10 f   Hal:idt.obj
 0001:000046a0       ?i86_pit_irq@@YAXXZ        c0004aa0 f   Hal:pit.obj
 0001:000046b0       ?i86_pit_set_tick_count@@YAII@Z c0004ab0 f   Hal:pit.obj
 0001:000046c0       ?i86_pit_get_tick_count@@YAIXZ c0004ac0 f   Hal:pit.obj
 0001:000046d0       ?i86_pit_send_command@@YAXE@Z c0004ad0 f   Hal:pit.obj
 0001:000046e0       ?i86_pit_send_data@@YAXGE@Z c0004ae0 f   Hal:pit.obj
 0001:00004720       ?i86_pit_read_data@@YAEG@Z c0004b20 f   Hal:pit.obj
 0001:00004760       ?i86_pit_start_counter@@YAXIEE@Z c0004b60 f   Hal:pit.obj
 0001:000047c0       ?i86_pit_initialize@@YAXXZ c0004bc0 f   Hal:pit.obj
 0001:000047e0       ?i86_pit_is_initialized@@YA_NXZ c0004be0 f   Hal:pit.obj
 0001:000047f0       ?InitializeConstructors@@YAXXZ c0004bf0 f   Lib:cstd.obj
 0001:00004830       ?strcmp@@YAHPBD0@Z         c0004c30 f   Lib:string.obj
 0001:00004870       ?strcpy@@YAPADPADPBD@Z     c0004c70 f   Lib:string.obj
 0001:00004890       ?strlen@@YAIPBD@Z          c0004c90 f   Lib:string.obj
 0001:000048a0       ?memcpy@@YAPAXPAXPBXI@Z    c0004ca0 f   Lib:string.obj
 0001:000048d0       ?memset@@YAPAXPAXDI@Z      c0004cd0 f   Lib:string.obj
 0001:000048f0       ?strchr@@YAPADPADH@Z       c0004cf0 f   Lib:string.obj
 0002:00000454       ??_C@_05HOBJIFPH@FAT12?$AA@ c0005254     fat12:fat12.obj
 0003:00000000       ?__xc_a@@3PAP6AXXZA        c0005400     Lib:cstd.obj
 0003:00000004       ?__xc_z@@3PAP6AXXZA        c0005404     Lib:cstd.obj
 0003:0000000c       ?bchars@@3PADA             c000540c     DebugDisplay.obj
 0003:00000028       ?isDone@@3_NA              c0005428     task.obj
 0003:00000180       __fltused                  c0005580     Lib:cstd.obj
 0003:000001f0       ?_kernel_stack@@3PADA      c00055f0     main.obj
 0003:00002190       ?kernelSize@@3IA           c0007590     main.obj
 0003:00002194       ?tbuf@@3PADA               c0007594     DebugDisplay.obj
 0003:000021b8       ?_FileSystems@@3PAPAU_FILE_SYSTEM@@A c00075b8     fsys.obj
 0003:00002234       ?_cur_directory@@3PAUpdirectory@@A c0007634     mmngr_virtual.obj
 0003:00002238       ?_cur_pdbr@@3IA            c0007638     mmngr_virtual.obj
 0003:00002248       ?_readyQueue@@3PAU_thread@@A c0007648     task.obj
 0003:000023b0       ?_idleThread@@3U_thread@@A c00077b0     task.obj
 0003:000023d4       ?_queue_first@@3HA         c00077d4     task.obj
 0003:000023d8       ?_processList@@3PAU_process@@A c00077d8     task.obj
 0003:00002bf8       ?_currentThreadLocal@@3U_thread@@A c0007ff8     task.obj
 0003:00002c1c       ?_queue_last@@3HA          c000801c     task.obj
 0003:00002c20       ?_currentTask@@3PAU_thread@@A c0008020     task.obj
 0003:00002c24       ?old_isr@@3P6AXXZA         c0008024     task.obj
 0003:00002c28       ?_kernel_stack_index@@3HA  c0008028     task.obj
 0003:00002c40       ?_MountInfo@@3U_MOUNT_INFO@@A c0008040     fat12:fat12.obj
 0003:00002c5c       ?_FSysFat@@3U_FILE_SYSTEM@@A c000805c     fat12:fat12.obj
 0003:00002c78       ?FAT@@3PAEA                c0008078     fat12:fat12.obj

 entry point at        0000:00000000

 Static symbols

 0001:000042b0       ?gdt_install@@YAXXZ        c00046b0 f   Hal:gdt.obj
 0001:00004570       ?idt_install@@YAXXZ        c0004970 f   Hal:idt.obj
 0001:00004580       ?i86_default_handler@@YAXXZ c0004980 f   Hal:idt.obj
